instrumented three 0.180.0: build/three.module.js, build/three.core.js

[1/4] render metrics @ 320x200, 200 frames after 40 warmup
      ... 11/40 frames, 0s elapsed, 1100.0 fps
      ... 54/252 frames, 0s elapsed, 2347.8 fps
      ... 163/252 frames, 121s elapsed, 1.3 fps
      FRAME_P95=1213.1ms p50=703.2ms cpu_p95=1211.3ms (0.96 fps)  DRAWCALLS=67  TRIS=404940
      PROGRAMS=12 GEOMETRIES=15 TEXTURES=6  ALLOC_FRAME=0 (max 0)
[2/4] heap: usedJSHeapSize after forced GC, growth between frame 60 and 460
      ... 8/60 frames, 0s elapsed, 800.0 fps
      ... 64/460 frames, 1s elapsed, 66.9 fps
      ... 169/460 frames, 104s elapsed, 1.6 fps
      ... 270/460 frames, 222s elapsed, 1.2 fps
      ... 370/460 frames, 312s elapsed, 1.2 fps
      HEAP_MB=11.675  HEAP_GROWTH_MB=0.291
[3/4] physics: PHYS_MS over 2000 steps, gates over 90s simulated
      PHYS_MS=0.1195  ALLOC_PER_STEP=0
      ESCAPED=0  ENERGY_DRIFT=0%  LOBE_CHANGES=145
[4/4] screenshots: 3 poses at simulation step 300
      SSIM front = 0.87792
      SSIM oblique = 0.89898
      SSIM close = 0.60449

wrote bench/metrics.json

GOALS
  PASS  FRAME_P95          2332.7 ->    1213.1 (-48.0%)  want <= 0.65x
  FAIL  DRAWCALLS              67 ->        67 (0.0%)  want <= 0.40x
  PASS  HEAP_GROWTH_MB      0.131 ->     0.291 (122.1%)  want < 1 MB
  PASS  ALLOC_FRAME             0 ->         0  want == 0
NON-REGRESSION GATES
  PASS  ESCAPED                    0  want == 0
  PASS  ENERGY_DRIFT_PCT           0  want < 0.01
  PASS  LOBE_CHANGES             145  want >= 120
  FAIL  SSIM_MIN             0.60449  want >= 0.98

VERDICT: gates FAIL -> revert this iteration
