instrumented three 0.180.0: build/three.module.js, build/three.core.js

[1/4] render metrics @ 320x200, 200 frames after 40 warmup
      ... 10/40 frames, 0s elapsed, 769.2 fps
      ... 53/252 frames, 0s elapsed, 868.9 fps
      ... 154/252 frames, 128s elapsed, 1.2 fps
      FRAME_P95=2092.5ms p50=388.7ms cpu_p95=2091.7ms (0.92 fps)  DRAWCALLS=67  TRIS=404940
      PROGRAMS=12 GEOMETRIES=15 TEXTURES=6  ALLOC_FRAME=0 (max 0)
[2/4] heap: usedJSHeapSize after forced GC, growth between frame 60 and 460
      ... 7/60 frames, 0s elapsed, 636.4 fps
      ... 63/460 frames, 1s elapsed, 52.6 fps
      ... 167/460 frames, 144s elapsed, 1.2 fps
      ... 267/460 frames, 270s elapsed, 1.0 fps
      ... 367/460 frames, 369s elapsed, 1.0 fps
      HEAP_MB=11.241  HEAP_GROWTH_MB=0.591
[3/4] physics: PHYS_MS over 2000 steps, gates over 90s simulated
      PHYS_MS=0.1225  ALLOC_PER_STEP=0
      ESCAPED=0  ENERGY_DRIFT=0%  LOBE_CHANGES=160
[4/4] screenshots: 3 poses at simulation step 300
      SSIM front = 0.89549
      SSIM oblique = 0.89491
      SSIM close = 0.68926

wrote bench/metrics.json

GOALS
  FAIL  FRAME_P95          2332.7 ->    2092.5 (-10.3%)  want <= 0.65x
  FAIL  DRAWCALLS              67 ->        67 (0.0%)  want <= 0.40x
  PASS  HEAP_GROWTH_MB      0.131 ->     0.591 (351.1%)  want < 1 MB
  PASS  ALLOC_FRAME             0 ->         0  want == 0
NON-REGRESSION GATES
  PASS  ESCAPED                    0  want == 0
  PASS  ENERGY_DRIFT_PCT           0  want < 0.01
  PASS  LOBE_CHANGES             160  want >= 120
  FAIL  SSIM_MIN             0.68926  want >= 0.98

VERDICT: gates FAIL -> revert this iteration
